example_id                                                    | status  | run_time        |
------------------------------------------------------------- | ------- | --------------- |
./spec/models/admin_spec.rb[1:1:1]                            | passed  | 0.0433 seconds  |
./spec/models/admin_spec.rb[1:1:2]                            | passed  | 0.02099 seconds |
./spec/models/admin_spec.rb[1:1:3]                            | passed  | 0.02946 seconds |
./spec/models/admin_spec.rb[1:2:1]                            | passed  | 0.00627 seconds |
./spec/models/admin_spec.rb[1:2:2]                            | passed  | 0.00508 seconds |
./spec/models/payment_method_spec.rb[1:1]                     | pending | 0.00001 seconds |
./spec/system/admin/account_management_spec.rb[1:1:1]         | passed  | 0.72757 seconds |
./spec/system/admin/account_management_spec.rb[1:1:2]         | passed  | 0.05598 seconds |
./spec/system/admin/account_management_spec.rb[1:1:3]         | passed  | 0.04729 seconds |
./spec/system/admin/account_management_spec.rb[1:2:1]         | pending | 0.00001 seconds |
./spec/system/admin/admin_creates_payment_method_spec.rb[1:1] | failed  | 0.01116 seconds |
./spec/system/admin/admin_view_payment_method_spec.rb[1:1]    | failed  | 0.00352 seconds |
./spec/system/visitor_visit_homepage_spec.rb[1:1]             | failed  | 0.01399 seconds |
